// Vitest Snapshot v1, https://vitest.dev/guide/snapshot.html

exports[`Wordmark > matches snapshot 1`] = `
<span
  class="font-display font-black tracking-tight text-2xl lowercase"
>
  s
  <span
    class="text-soon-accent"
  >
    oo
  </span>
  n
   
  <span
    class="text-soon-muted font-medium"
  >
    Board
  </span>
</span>
`;
