// Vitest Snapshot v1, https://vitest.dev/guide/snapshot.html

exports[`Sparkline > matches snapshot for deterministic fixture 1`] = `
<svg
  aria-label="Recent lap times"
  height="16"
  role="img"
  width="60"
>
  <polyline
    fill="none"
    points="0.0,11.3 6.7,1.9 13.3,16.0 20.0,9.4 26.7,3.8 33.3,13.2 40.0,0.0 46.7,6.6 53.3,12.2 60.0,10.4"
    stroke="currentColor"
    stroke-width="1"
  />
</svg>
`;
