// Vitest Snapshot v1, https://vitest.dev/guide/snapshot.html

exports[`App > matches empty-state snapshot 1`] = `
<div
  class="min-h-screen bg-bg-base text-[#F5F5F7] flex flex-col"
>
  <header
    class="h-14 bg-bg-elev2 border-b border-bg-elev1 flex items-center px-4 gap-4"
  >
    <span
      class="font-display font-black tracking-tight text-2xl lowercase"
    >
      s
      <span
        class="text-soon-accent"
      >
        oo
      </span>
      n
       
      <span
        class="text-soon-muted font-medium"
      >
        Board
      </span>
    </span>
    <div
      class="flex-1 text-soon-muted text-sm"
    />
  </header>
  <main
    class="flex-1 grid gap-2 p-2
                   grid-cols-1 grid-rows-[1fr_1fr]
                   lg:grid-cols-[60fr_40fr] lg:grid-rows-1"
  >
    <section
      class="bg-bg-elev1 rounded-md min-h-0 overflow-hidden"
    >
      <div
        class="flex items-center justify-center h-full text-soon-muted"
      >
        세션을 선택해 주세요
      </div>
    </section>
    <section
      class="bg-bg-elev1 rounded-md min-h-0 overflow-auto"
    >
      <div
        class="flex flex-col h-full min-h-0"
      >
        <div
          class="shrink-0 max-h-40 overflow-auto border-b border-white/10 p-2 text-xs"
          data-testid="race-info-panel"
        >
          <div
            class="flex items-center gap-2 mb-1.5"
          >
            <span
              class="text-soon-muted uppercase tracking-wide"
            >
              Race Control
            </span>
            <span
              class="px-1.5 py-0.5 rounded bg-bg-elev2 font-bold tracking-wide"
              data-testid="rc-flag"
            >
              GREEN
            </span>
          </div>
          <ol
            class="space-y-0.5 m-0 p-0 list-none"
            data-testid="rc-list"
          >
            <li
              class="text-soon-muted"
              data-testid="rc-empty"
            >
              No messages yet.
            </li>
          </ol>
        </div>
        <div
          class="flex-1 min-h-0 overflow-auto"
        >
          <table
            class="w-full text-left border-collapse"
          >
            <thead>
              <tr
                class="border-b border-white/10 text-soon-muted text-xs uppercase tracking-wide"
              >
                <th
                  class="px-3 py-2 font-medium"
                >
                  Pos
                </th>
                <th
                  class="px-3 py-2 font-medium"
                >
                  Driver
                </th>
                <th
                  class="px-3 py-2 font-medium"
                >
                  Team
                </th>
                <th
                  class="px-3 py-2 font-medium"
                >
                  Last Lap
                </th>
                <th
                  class="px-3 py-2 font-medium"
                >
                  Interval
                </th>
                <th
                  class="px-3 py-2 font-medium"
                >
                  Gap
                </th>
                <th
                  class="px-3 py-2 font-medium"
                >
                  Tire
                </th>
                <th
                  class="px-3 py-2 font-medium"
                >
                  Pits
                </th>
                <th
                  class="px-3 py-2 font-medium"
                >
                  Trend
                </th>
              </tr>
            </thead>
            <tbody />
          </table>
        </div>
      </div>
    </section>
  </main>
  <div
    aria-label="Calendar"
    aria-modal="true"
    class="fixed inset-0 z-40 flex items-center justify-center bg-black/60"
    role="dialog"
  >
    <div
      class="bg-bg-elev2 rounded-lg p-6 w-[640px] max-h-[80vh] flex flex-col gap-4"
    >
      <div
        class="flex items-center justify-between"
      >
        <h2
          class="text-white font-semibold"
        >
          Select Race
        </h2>
        <button
          aria-label="Close calendar"
          class="text-soon-muted hover:text-white text-lg leading-none"
        >
          ×
        </button>
      </div>
      <div
        class="flex gap-2 flex-wrap"
      >
        <button
          aria-pressed="false"
          class="px-4 py-1.5 rounded-full text-sm font-medium transition-colors bg-bg-elev1 text-soon-muted hover:text-white"
        >
          2023
        </button>
        <button
          aria-pressed="false"
          class="px-4 py-1.5 rounded-full text-sm font-medium transition-colors bg-bg-elev1 text-soon-muted hover:text-white"
        >
          2024
        </button>
        <button
          aria-pressed="false"
          class="px-4 py-1.5 rounded-full text-sm font-medium transition-colors bg-bg-elev1 text-soon-muted hover:text-white"
        >
          2025
        </button>
        <button
          aria-pressed="true"
          class="px-4 py-1.5 rounded-full text-sm font-medium transition-colors bg-soon-accent text-white"
        >
          2026
        </button>
        <button
          aria-pressed="false"
          class="px-4 py-1.5 rounded-full text-sm font-medium transition-colors bg-bg-elev1 text-soon-muted hover:text-white"
        >
          2027
        </button>
      </div>
      <div
        class="overflow-y-auto"
      >
        <div
          class="grid grid-cols-1 sm:grid-cols-2 lg:grid-cols-3 gap-3"
        >
          <button
            class="text-left p-3 rounded bg-bg-elev1 hover:bg-soon-accent/20 transition-colors"
          >
            <div
              class="flex items-center justify-between gap-2"
            >
              <p
                class="text-white text-sm font-medium leading-snug truncate"
              >
                Pre-Season Testing
              </p>
              <span
                class="text-[10px] font-bold tracking-wider px-1.5 py-0.5 rounded bg-soon-accent text-white"
              >
                LIVE
              </span>
            </div>
            <p
              class="text-soon-muted text-xs mt-0.5"
            >
              Sakhir
            </p>
            <p
              class="text-soon-muted text-xs"
            >
              Feb 11
            </p>
          </button>
          <button
            class="text-left p-3 rounded bg-bg-elev1 hover:bg-soon-accent/20 transition-colors"
          >
            <div
              class="flex items-center justify-between gap-2"
            >
              <p
                class="text-white text-sm font-medium leading-snug truncate"
              >
                Pre-Season Testing
              </p>
              <span
                class="text-[10px] font-bold tracking-wider px-1.5 py-0.5 rounded bg-soon-accent text-white"
              >
                LIVE
              </span>
            </div>
            <p
              class="text-soon-muted text-xs mt-0.5"
            >
              Sakhir
            </p>
            <p
              class="text-soon-muted text-xs"
            >
              Feb 18
            </p>
          </button>
          <button
            class="text-left p-3 rounded bg-bg-elev1 hover:bg-soon-accent/20 transition-colors"
          >
            <div
              class="flex items-center justify-between gap-2"
            >
              <p
                class="text-white text-sm font-medium leading-snug truncate"
              >
                Australian Grand Prix
              </p>
              <span
                class="text-[10px] font-bold tracking-wider px-1.5 py-0.5 rounded bg-soon-accent text-white"
              >
                LIVE
              </span>
            </div>
            <p
              class="text-soon-muted text-xs mt-0.5"
            >
              Melbourne
            </p>
            <p
              class="text-soon-muted text-xs"
            >
              Mar 6
            </p>
          </button>
          <button
            class="text-left p-3 rounded bg-bg-elev1 hover:bg-soon-accent/20 transition-colors"
          >
            <div
              class="flex items-center justify-between gap-2"
            >
              <p
                class="text-white text-sm font-medium leading-snug truncate"
              >
                Chinese Grand Prix
              </p>
              <span
                class="text-[10px] font-bold tracking-wider px-1.5 py-0.5 rounded bg-soon-accent text-white"
              >
                LIVE
              </span>
            </div>
            <p
              class="text-soon-muted text-xs mt-0.5"
            >
              Shanghai
            </p>
            <p
              class="text-soon-muted text-xs"
            >
              Mar 13
            </p>
          </button>
          <button
            class="text-left p-3 rounded bg-bg-elev1 hover:bg-soon-accent/20 transition-colors"
          >
            <div
              class="flex items-center justify-between gap-2"
            >
              <p
                class="text-white text-sm font-medium leading-snug truncate"
              >
                Japanese Grand Prix
              </p>
              <span
                class="text-[10px] font-bold tracking-wider px-1.5 py-0.5 rounded bg-soon-accent text-white"
              >
                LIVE
              </span>
            </div>
            <p
              class="text-soon-muted text-xs mt-0.5"
            >
              Suzuka
            </p>
            <p
              class="text-soon-muted text-xs"
            >
              Mar 27
            </p>
          </button>
          <button
            class="text-left p-3 rounded bg-bg-elev1 hover:bg-soon-accent/20 transition-colors"
          >
            <div
              class="flex items-center justify-between gap-2"
            >
              <p
                class="text-white text-sm font-medium leading-snug truncate"
              >
                Bahrain Grand Prix
              </p>
              <span
                class="text-[10px] font-bold tracking-wider px-1.5 py-0.5 rounded bg-soon-accent text-white"
              >
                LIVE
              </span>
            </div>
            <p
              class="text-soon-muted text-xs mt-0.5"
            >
              Sakhir
            </p>
            <p
              class="text-soon-muted text-xs"
            >
              Apr 10
            </p>
          </button>
          <button
            class="text-left p-3 rounded bg-bg-elev1 hover:bg-soon-accent/20 transition-colors"
          >
            <div
              class="flex items-center justify-between gap-2"
            >
              <p
                class="text-white text-sm font-medium leading-snug truncate"
              >
                Saudi Arabian Grand Prix
              </p>
              <span
                class="text-[10px] font-bold tracking-wider px-1.5 py-0.5 rounded bg-soon-accent text-white"
              >
                LIVE
              </span>
            </div>
            <p
              class="text-soon-muted text-xs mt-0.5"
            >
              Jeddah
            </p>
            <p
              class="text-soon-muted text-xs"
            >
              Apr 17
            </p>
          </button>
          <button
            class="text-left p-3 rounded bg-bg-elev1 hover:bg-soon-accent/20 transition-colors"
          >
            <div
              class="flex items-center justify-between gap-2"
            >
              <p
                class="text-white text-sm font-medium leading-snug truncate"
              >
                Miami Grand Prix
              </p>
              <span
                class="text-[10px] font-bold tracking-wider px-1.5 py-0.5 rounded bg-soon-accent text-white"
              >
                LIVE
              </span>
            </div>
            <p
              class="text-soon-muted text-xs mt-0.5"
            >
              Miami
            </p>
            <p
              class="text-soon-muted text-xs"
            >
              May 2
            </p>
          </button>
          <button
            class="text-left p-3 rounded bg-bg-elev1 hover:bg-soon-accent/20 transition-colors"
          >
            <div
              class="flex items-center justify-between gap-2"
            >
              <p
                class="text-white text-sm font-medium leading-snug truncate"
              >
                Canadian Grand Prix
              </p>
              <span
                class="text-[10px] font-bold tracking-wider px-1.5 py-0.5 rounded bg-soon-accent text-white"
              >
                LIVE
              </span>
            </div>
            <p
              class="text-soon-muted text-xs mt-0.5"
            >
              Montreal
            </p>
            <p
              class="text-soon-muted text-xs"
            >
              May 23
            </p>
          </button>
          <button
            class="text-left p-3 rounded bg-bg-elev1 hover:bg-soon-accent/20 transition-colors"
          >
            <div
              class="flex items-center justify-between gap-2"
            >
              <p
                class="text-white text-sm font-medium leading-snug truncate"
              >
                Monaco Grand Prix
              </p>
              <span
                class="text-[10px] font-bold tracking-wider px-1.5 py-0.5 rounded bg-soon-accent text-white"
              >
                LIVE
              </span>
            </div>
            <p
              class="text-soon-muted text-xs mt-0.5"
            >
              Monte Carlo
            </p>
            <p
              class="text-soon-muted text-xs"
            >
              Jun 5
            </p>
          </button>
          <button
            class="text-left p-3 rounded bg-bg-elev1 hover:bg-soon-accent/20 transition-colors"
          >
            <div
              class="flex items-center justify-between gap-2"
            >
              <p
                class="text-white text-sm font-medium leading-snug truncate"
              >
                Barcelona Grand Prix
              </p>
              <span
                class="text-[10px] font-bold tracking-wider px-1.5 py-0.5 rounded bg-soon-accent text-white"
              >
                LIVE
              </span>
            </div>
            <p
              class="text-soon-muted text-xs mt-0.5"
            >
              Catalunya
            </p>
            <p
              class="text-soon-muted text-xs"
            >
              Jun 12
            </p>
          </button>
          <button
            class="text-left p-3 rounded bg-bg-elev1 hover:bg-soon-accent/20 transition-colors"
          >
            <div
              class="flex items-center justify-between gap-2"
            >
              <p
                class="text-white text-sm font-medium leading-snug truncate"
              >
                Austrian Grand Prix
              </p>
              <span
                class="text-[10px] font-bold tracking-wider px-1.5 py-0.5 rounded bg-soon-accent text-white"
              >
                LIVE
              </span>
            </div>
            <p
              class="text-soon-muted text-xs mt-0.5"
            >
              Spielberg
            </p>
            <p
              class="text-soon-muted text-xs"
            >
              Jun 26
            </p>
          </button>
          <button
            class="text-left p-3 rounded bg-bg-elev1 hover:bg-soon-accent/20 transition-colors"
          >
            <div
              class="flex items-center justify-between gap-2"
            >
              <p
                class="text-white text-sm font-medium leading-snug truncate"
              >
                British Grand Prix
              </p>
              <span
                class="text-[10px] font-bold tracking-wider px-1.5 py-0.5 rounded bg-soon-accent text-white"
              >
                LIVE
              </span>
            </div>
            <p
              class="text-soon-muted text-xs mt-0.5"
            >
              Silverstone
            </p>
            <p
              class="text-soon-muted text-xs"
            >
              Jul 3
            </p>
          </button>
          <button
            class="text-left p-3 rounded bg-bg-elev1 hover:bg-soon-accent/20 transition-colors"
          >
            <div
              class="flex items-center justify-between gap-2"
            >
              <p
                class="text-white text-sm font-medium leading-snug truncate"
              >
                Belgian Grand Prix
              </p>
              <span
                class="text-[10px] font-bold tracking-wider px-1.5 py-0.5 rounded bg-soon-accent text-white"
              >
                LIVE
              </span>
            </div>
            <p
              class="text-soon-muted text-xs mt-0.5"
            >
              Spa-Francorchamps
            </p>
            <p
              class="text-soon-muted text-xs"
            >
              Jul 17
            </p>
          </button>
          <button
            class="text-left p-3 rounded bg-bg-elev1 hover:bg-soon-accent/20 transition-colors"
          >
            <div
              class="flex items-center justify-between gap-2"
            >
              <p
                class="text-white text-sm font-medium leading-snug truncate"
              >
                Hungarian Grand Prix
              </p>
              <span
                class="text-[10px] font-bold tracking-wider px-1.5 py-0.5 rounded bg-soon-accent text-white"
              >
                LIVE
              </span>
            </div>
            <p
              class="text-soon-muted text-xs mt-0.5"
            >
              Hungaroring
            </p>
            <p
              class="text-soon-muted text-xs"
            >
              Jul 24
            </p>
          </button>
          <button
            class="text-left p-3 rounded bg-bg-elev1 hover:bg-soon-accent/20 transition-colors"
          >
            <div
              class="flex items-center justify-between gap-2"
            >
              <p
                class="text-white text-sm font-medium leading-snug truncate"
              >
                Dutch Grand Prix
              </p>
              <span
                class="text-[10px] font-bold tracking-wider px-1.5 py-0.5 rounded bg-soon-accent text-white"
              >
                LIVE
              </span>
            </div>
            <p
              class="text-soon-muted text-xs mt-0.5"
            >
              Zandvoort
            </p>
            <p
              class="text-soon-muted text-xs"
            >
              Aug 21
            </p>
          </button>
          <button
            class="text-left p-3 rounded bg-bg-elev1 hover:bg-soon-accent/20 transition-colors"
          >
            <div
              class="flex items-center justify-between gap-2"
            >
              <p
                class="text-white text-sm font-medium leading-snug truncate"
              >
                Italian Grand Prix
              </p>
              <span
                class="text-[10px] font-bold tracking-wider px-1.5 py-0.5 rounded bg-soon-accent text-white"
              >
                LIVE
              </span>
            </div>
            <p
              class="text-soon-muted text-xs mt-0.5"
            >
              Monza
            </p>
            <p
              class="text-soon-muted text-xs"
            >
              Sep 4
            </p>
          </button>
          <button
            class="text-left p-3 rounded bg-bg-elev1 hover:bg-soon-accent/20 transition-colors"
          >
            <div
              class="flex items-center justify-between gap-2"
            >
              <p
                class="text-white text-sm font-medium leading-snug truncate"
              >
                Spanish Grand Prix
              </p>
              <span
                class="text-[10px] font-bold tracking-wider px-1.5 py-0.5 rounded bg-soon-accent text-white"
              >
                LIVE
              </span>
            </div>
            <p
              class="text-soon-muted text-xs mt-0.5"
            >
              Madring
            </p>
            <p
              class="text-soon-muted text-xs"
            >
              Sep 11
            </p>
          </button>
          <button
            class="text-left p-3 rounded bg-bg-elev1 hover:bg-soon-accent/20 transition-colors"
          >
            <div
              class="flex items-center justify-between gap-2"
            >
              <p
                class="text-white text-sm font-medium leading-snug truncate"
              >
                Azerbaijan Grand Prix
              </p>
              <span
                class="text-[10px] font-bold tracking-wider px-1.5 py-0.5 rounded bg-soon-accent text-white"
              >
                LIVE
              </span>
            </div>
            <p
              class="text-soon-muted text-xs mt-0.5"
            >
              Baku
            </p>
            <p
              class="text-soon-muted text-xs"
            >
              Sep 24
            </p>
          </button>
          <button
            class="text-left p-3 rounded bg-bg-elev1 hover:bg-soon-accent/20 transition-colors"
          >
            <div
              class="flex items-center justify-between gap-2"
            >
              <p
                class="text-white text-sm font-medium leading-snug truncate"
              >
                Singapore Grand Prix
              </p>
              <span
                class="text-[10px] font-bold tracking-wider px-1.5 py-0.5 rounded bg-soon-accent text-white"
              >
                LIVE
              </span>
            </div>
            <p
              class="text-soon-muted text-xs mt-0.5"
            >
              Singapore
            </p>
            <p
              class="text-soon-muted text-xs"
            >
              Oct 9
            </p>
          </button>
          <button
            class="text-left p-3 rounded bg-bg-elev1 hover:bg-soon-accent/20 transition-colors"
          >
            <div
              class="flex items-center justify-between gap-2"
            >
              <p
                class="text-white text-sm font-medium leading-snug truncate"
              >
                United States Grand Prix
              </p>
              <span
                class="text-[10px] font-bold tracking-wider px-1.5 py-0.5 rounded bg-soon-accent text-white"
              >
                LIVE
              </span>
            </div>
            <p
              class="text-soon-muted text-xs mt-0.5"
            >
              Austin
            </p>
            <p
              class="text-soon-muted text-xs"
            >
              Oct 24
            </p>
          </button>
          <button
            class="text-left p-3 rounded bg-bg-elev1 hover:bg-soon-accent/20 transition-colors"
          >
            <div
              class="flex items-center justify-between gap-2"
            >
              <p
                class="text-white text-sm font-medium leading-snug truncate"
              >
                Mexico City Grand Prix
              </p>
              <span
                class="text-[10px] font-bold tracking-wider px-1.5 py-0.5 rounded bg-soon-accent text-white"
              >
                LIVE
              </span>
            </div>
            <p
              class="text-soon-muted text-xs mt-0.5"
            >
              Mexico City
            </p>
            <p
              class="text-soon-muted text-xs"
            >
              Oct 31
            </p>
          </button>
          <button
            class="text-left p-3 rounded bg-bg-elev1 hover:bg-soon-accent/20 transition-colors"
          >
            <div
              class="flex items-center justify-between gap-2"
            >
              <p
                class="text-white text-sm font-medium leading-snug truncate"
              >
                São Paulo Grand Prix
              </p>
              <span
                class="text-[10px] font-bold tracking-wider px-1.5 py-0.5 rounded bg-soon-accent text-white"
              >
                LIVE
              </span>
            </div>
            <p
              class="text-soon-muted text-xs mt-0.5"
            >
              Interlagos
            </p>
            <p
              class="text-soon-muted text-xs"
            >
              Nov 7
            </p>
          </button>
          <button
            class="text-left p-3 rounded bg-bg-elev1 hover:bg-soon-accent/20 transition-colors"
          >
            <div
              class="flex items-center justify-between gap-2"
            >
              <p
                class="text-white text-sm font-medium leading-snug truncate"
              >
                Las Vegas Grand Prix
              </p>
              <span
                class="text-[10px] font-bold tracking-wider px-1.5 py-0.5 rounded bg-soon-accent text-white"
              >
                LIVE
              </span>
            </div>
            <p
              class="text-soon-muted text-xs mt-0.5"
            >
              Las Vegas
            </p>
            <p
              class="text-soon-muted text-xs"
            >
              Nov 20
            </p>
          </button>
          <button
            class="text-left p-3 rounded bg-bg-elev1 hover:bg-soon-accent/20 transition-colors"
          >
            <div
              class="flex items-center justify-between gap-2"
            >
              <p
                class="text-white text-sm font-medium leading-snug truncate"
              >
                Qatar Grand Prix
              </p>
              <span
                class="text-[10px] font-bold tracking-wider px-1.5 py-0.5 rounded bg-soon-accent text-white"
              >
                LIVE
              </span>
            </div>
            <p
              class="text-soon-muted text-xs mt-0.5"
            >
              Lusail
            </p>
            <p
              class="text-soon-muted text-xs"
            >
              Nov 27
            </p>
          </button>
          <button
            class="text-left p-3 rounded bg-bg-elev1 hover:bg-soon-accent/20 transition-colors"
          >
            <div
              class="flex items-center justify-between gap-2"
            >
              <p
                class="text-white text-sm font-medium leading-snug truncate"
              >
                Abu Dhabi Grand Prix
              </p>
              <span
                class="text-[10px] font-bold tracking-wider px-1.5 py-0.5 rounded bg-soon-accent text-white"
              >
                LIVE
              </span>
            </div>
            <p
              class="text-soon-muted text-xs mt-0.5"
            >
              Yas Marina Circuit
            </p>
            <p
              class="text-soon-muted text-xs"
            >
              Dec 4
            </p>
          </button>
        </div>
      </div>
    </div>
  </div>
</div>
`;
